Archive member included because of file (symbol)

../cross_compiler/lib/gcc/arm-none-eabi/4.8.1//libgcc.a(_udivsi3.o)
                              binaries/qsort.o (__aeabi_uidiv)
../cross_compiler/lib/gcc/arm-none-eabi/4.8.1//libgcc.a(_divsi3.o)
                              binaries/doprnt.o (__aeabi_idiv)
../cross_compiler/lib/gcc/arm-none-eabi/4.8.1//libgcc.a(_dvmd_tls.o)
                              ../cross_compiler/lib/gcc/arm-none-eabi/4.8.1//libgcc.a(_udivsi3.o) (__aeabi_idiv0)
../cross_compiler/lib/gcc/arm-none-eabi/4.8.1//libgcc.a(_arm_muldivdf3.o)
                              binaries/doprnt.o (__aeabi_dmul)
../cross_compiler/lib/gcc/arm-none-eabi/4.8.1//libgcc.a(_arm_cmpdf2.o)
                              binaries/doprnt.o (__aeabi_dcmplt)
../cross_compiler/lib/gcc/arm-none-eabi/4.8.1//libgcc.a(_arm_fixdfsi.o)
                              binaries/doprnt.o (__aeabi_d2iz)

Allocating common symbols
Common symbol       size              file

netbufpool          0x4               binaries/net.o
readylist           0x2               binaries/ready.o
rfltab              0x5a0             binaries/rflinit.o
netportseed         0x4               binaries/net.o
sleepq              0x2               binaries/clkinit.o
intc_vector         0x200             binaries/evec.o
nnames              0x4               binaries/naminit.o
udptab              0x168             binaries/udp.o
minheap             0x4               binaries/meminit.o
marks               0x50              binaries/mark.o
currpid             0x4               binaries/initialize.o
Lf_data             0x20c             binaries/lfsinit.o
porttab             0x2d0             binaries/ptinit.o
ttytab              0x110             binaries/ttyinit.o
proctab             0x15e0            binaries/initialize.o
eth_a_regs          0x1c              binaries/ethinit.o
prcount             0x4               binaries/initialize.o
lfltab              0xf00             binaries/lflinit.o
rdstab              0x8c              binaries/rdsinit.o
ethertab            0x138             binaries/ethinit.o
NetData             0xb0              binaries/net.o
nmarks              0x4               binaries/mark.o
Defer               0x8               binaries/resched.o
semtab              0x4b0             binaries/initialize.o
maxheap             0x4               binaries/meminit.o
preempt             0x4               binaries/clkinit.o
buftab              0xf0              binaries/bufinit.o
Rf_data             0x18              binaries/rfsinit.o
mkmutex             0x4               binaries/mark.o
clktime             0x4               binaries/clkinit.o
arpcache            0x140             binaries/arp.o
icmptab             0x230             binaries/icmp.o
nbpools             0x4               binaries/bufinit.o
queuetab            0x980             binaries/queue.o
ledpin              0x1               binaries/led.o
ptnextid            0x4               binaries/ptinit.o
Ram                 0x19000           binaries/raminit.o
ipoqueue            0x2c              binaries/ip.o
memlist             0x8               binaries/initialize.o
nametab             0x19a0            binaries/naminit.o
ptfree              0x4               binaries/ptinit.o

Memory Configuration

Name             Origin             Length             Attributes
*default*        0x00000000         0xffffffff

Linker script and memory map

                0x81000000                physbase = 0x81000000
                0x81000000                . = physbase
                0x81000000                . = ALIGN (0x1000)

.text           0x81000000    0x16000
                0x81000000                text = ABSOLUTE (.)
 *(.text .text.*)
 .text          0x81000000       0x4c binaries/start.o
                0x81000000                start
 .text          0x8100004c      0x33c binaries/ascdate.o
                0x8100004c                ascdate
 .text          0x81000388       0x18 binaries/bufinit.o
                0x81000388                bufinit
 .text          0x810003a0       0x68 binaries/chprio.o
                0x810003a0                chprio
 .text          0x81000408       0xf0 binaries/clkhandler.o
                0x81000408                clkhandler
 .text          0x810004f8       0xd4 binaries/clkinit.o
                0x810004f8                clkinit
 .text          0x810005cc       0x50 binaries/close.o
                0x810005cc                close
 .text          0x8100061c        0x0 binaries/conf.o
 .text          0x8100061c       0x68 binaries/control.o
                0x8100061c                control
 .text          0x81000684      0x290 binaries/create.o
                0x81000684                create
 .text          0x81000914       0x14 binaries/do_init.o
                0x81000914                do_accel_init
 .text          0x81000928       0x14 binaries/do_led_init.o
                0x81000928                do_led_init
 .text          0x8100093c        0xc binaries/do_led_off.o
                0x8100093c                do_led_off
 .text          0x81000948        0xc binaries/do_led_on.o
                0x81000948                do_led_on
 .text          0x81000954       0x18 binaries/do_read.o
                0x81000954                do_accel_read
 .text          0x8100096c       0x14 binaries/do_tmp_init.o
                0x8100096c                do_tmp_init
 .text          0x81000980        0xc binaries/do_tmp_read.o
                0x81000980                do_tmp_read
 .text          0x8100098c       0xb0 binaries/evec.o
                0x8100098c                initintc
                0x810009b8                set_evec
                0x810009f8                irq_dispatch
 .text          0x81000a3c       0x10 binaries/exit.o
                0x81000a3c                exit
 .text          0x81000a4c       0x7c binaries/freebuf.o
                0x81000a4c                freebuf
 .text          0x81000ac8      0x148 binaries/freemem.o
                0x81000ac8                freemem
 .text          0x81000c10       0x78 binaries/getbuf.o
                0x81000c10                getbuf
 .text          0x81000c88       0x50 binaries/getc.o
                0x81000c88                getc
 .text          0x81000cd8       0x68 binaries/getdev.o
                0x81000cd8                getdev
 .text          0x81000d40       0xa0 binaries/getitem.o
                0x81000d40                getitem
                0x81000d70                getfirst
                0x81000da4                getlast
 .text          0x81000de0      0x108 binaries/getmem.o
                0x81000de0                getmem
 .text          0x81000ee8       0x10 binaries/getpid.o
                0x81000ee8                getpid
 .text          0x81000ef8       0x5c binaries/getprio.o
                0x81000ef8                getprio
 .text          0x81000f54       0xc8 binaries/getstk.o
                0x81000f54                getstk
 .text          0x8100101c        0x8 binaries/getticks.o
                0x8100101c                getticks
 .text          0x81001024       0x38 binaries/gettime.o
                0x81001024                gettime
 .text          0x8100105c      0x1f4 binaries/getutime.o
                0x8100105c                getutime
 .text          0x81001250       0x50 binaries/init.o
                0x81001250                init
 .text          0x810012a0      0x348 binaries/initialize.o
                0x81001344                nulluser
                0x81001588                stop
                0x810015ac                delay
 .text          0x810015e8       0xd0 binaries/insert.o
                0x810015e8                insert
 .text          0x810016b8      0x134 binaries/insertd.o
                0x810016b8                insertd
 .text          0x810017ec        0x8 binaries/ioerr.o
                0x810017ec                ioerr
 .text          0x810017f4        0x8 binaries/ionull.o
                0x810017f4                ionull
 .text          0x810017fc      0x158 binaries/kill.o
                0x810017fc                kill
 .text          0x81001954      0x120 binaries/kprintf.o
                0x81001954                kputc
                0x810019a4                kgetc
                0x810019e4                kprintf
                0x81001a24                print
 .text          0x81001a74      0x3b8 binaries/main.o
                0x81001a74                chk
                0x81001a8c                local_daemon
                0x81001d98                get_accel
                0x81001db4                get_temp
                0x81001dbc                main
 .text          0x81001e2c       0xd0 binaries/mark.o
                0x81001e2c                markinit
                0x81001e58                mark
 .text          0x81001efc       0x48 binaries/meminit.o
                0x81001efc                meminit
 .text          0x81001f44      0x140 binaries/mkbufpool.o
                0x81001f44                mkbufpool
 .text          0x81002084       0x7c binaries/newqueue.o
                0x81002084                newqueue
 .text          0x81002100       0x60 binaries/open.o
                0x81002100                open
 .text          0x81002160       0x20 binaries/panic.o
                0x81002160                panic
 .text          0x81002180       0xac binaries/platinit.o
                0x81002180                counterinit
                0x81002198                platinit
 .text          0x8100222c       0xa8 binaries/ptclear.o
                0x8100222c                _ptclear
 .text          0x810022d4       0x78 binaries/ptcount.o
                0x810022d4                ptcount
 .text          0x8100234c       0xdc binaries/ptcreate.o
                0x8100234c                ptcreate
 .text          0x81002428       0x74 binaries/ptdelete.o
                0x81002428                ptdelete
 .text          0x8100249c       0xbc binaries/ptinit.o
                0x8100249c                ptinit
 .text          0x81002558       0xd0 binaries/ptrecv.o
                0x81002558                ptrecv
 .text          0x81002628       0x68 binaries/ptreset.o
                0x81002628                ptreset
 .text          0x81002690       0xf4 binaries/ptsend.o
                0x81002690                ptsend
 .text          0x81002784       0x58 binaries/putc.o
                0x81002784                putc
 .text          0x810027dc       0xf4 binaries/queue.o
                0x810027dc                enqueue
                0x81002874                dequeue
 .text          0x810028d0       0x60 binaries/read.o
                0x810028d0                read
 .text          0x81002930       0x74 binaries/ready.o
                0x81002930                ready
 .text          0x810029a4       0x60 binaries/receive.o
                0x810029a4                receive
 .text          0x81002a04       0x48 binaries/recvclr.o
                0x81002a04                recvclr
 .text          0x81002a4c       0xb0 binaries/recvtime.o
                0x81002a4c                recvtime
 .text          0x81002afc      0x1ac binaries/resched.o
                0x81002afc                resched
                0x81002bec                resched_cntl
 .text          0x81002ca8       0x90 binaries/resume.o
                0x81002ca8                resume
 .text          0x81002d38       0x58 binaries/seek.o
                0x81002d38                seek
 .text          0x81002d90       0x58 binaries/semcount.o
                0x81002d90                semcount
 .text          0x81002de8       0xb8 binaries/semcreate.o
                0x81002de8                semcreate
 .text          0x81002ea0       0xac binaries/semdelete.o
                0x81002ea0                semdelete
 .text          0x81002f4c       0xa4 binaries/semreset.o
                0x81002f4c                semreset
 .text          0x81002ff0       0xc0 binaries/send.o
                0x81002ff0                send
 .text          0x810030b0       0x80 binaries/signal.o
                0x810030b0                signal
 .text          0x81003130       0xb0 binaries/signaln.o
                0x81003130                signaln
 .text          0x810031e0       0xcc binaries/sleep.o
                0x810031e0                sleepms
                0x8100327c                sleep
 .text          0x810032ac       0xbc binaries/suspend.o
                0x810032ac                suspend
 .text          0x81003368       0xb8 binaries/unsleep.o
                0x81003368                unsleep
 .text          0x81003420       0x10 binaries/userret.o
                0x81003420                userret
 .text          0x81003430       0xac binaries/wait.o
                0x81003430                wait
 .text          0x810034dc       0xa0 binaries/wakeup.o
                0x810034dc                wakeup
 .text          0x8100357c       0x60 binaries/write.o
                0x8100357c                write
 .text          0x810035dc       0x18 binaries/xdone.o
                0x810035dc                xdone
 .text          0x810035f4       0x20 binaries/yield.o
                0x810035f4                yield
 .text          0x81003614        0xc binaries/abs.o
                0x81003614                abs
 .text          0x81003620      0x114 binaries/atoi.o
                0x81003620                atoi
 .text          0x81003734      0x114 binaries/atol.o
                0x81003734                atol
 .text          0x81003848       0x20 binaries/bzero.o
                0x81003848                bzero
 .text          0x81003868        0x0 binaries/ctype_.o
 .text          0x81003868      0xa34 binaries/doprnt.o
                0x81003a88                _doprnt
 .text          0x8100429c      0x704 binaries/doscan.o
                0x8100429c                _doscan
 .text          0x810049a0      0x898 binaries/fdoprnt.o
                0x81004a4c                _fdoprnt
 .text          0x81005238       0x14 binaries/fgetc.o
                0x81005238                fgetc
 .text          0x8100524c       0x84 binaries/fgets.o
                0x8100524c                fgets
 .text          0x810052d0       0x3c binaries/fprintf.o
                0x810052d0                fprintf
 .text          0x8100530c       0x24 binaries/fputc.o
                0x8100530c                fputc
 .text          0x81005330       0x38 binaries/fputs.o
                0x81005330                fputs
 .text          0x81005368       0x78 binaries/fscanf.o
                0x8100539c                fscanf
 .text          0x810053e0       0x2c binaries/getchar.o
                0x810053e0                getchar
 .text          0x8100540c        0xc binaries/labs.o
                0x8100540c                labs
 .text          0x81005418        0x0 binaries/memchr.o
 .text          0x81005418       0x60 binaries/memcmp.o
                0x81005418                memcmp
 .text          0x81005478       0x24 binaries/memcpy.o
                0x81005478                memcpy
 .text          0x8100549c       0x20 binaries/memset.o
                0x8100549c                memset
 .text          0x810054bc       0x58 binaries/printf.o
                0x810054bc                printf
 .text          0x81005514       0x2c binaries/putchar.o
                0x81005514                putchar
 .text          0x81005540      0x254 binaries/qsort.o
                0x81005774                qsort
 .text          0x81005794       0x7c binaries/rand.o
                0x81005794                rand
                0x810057cc                rand_r
                0x81005800                srand
 .text          0x81005810       0x68 binaries/sprintf.o
                0x81005828                sprintf
 .text          0x81005878       0x78 binaries/sscanf.o
                0x810058ac                sscanf
 .text          0x810058f0       0x48 binaries/strchr.o
                0x810058f0                strchr
 .text          0x81005938       0x54 binaries/strcmp.o
                0x81005938                strcmp
 .text          0x8100598c       0x18 binaries/strcpy.o
                0x8100598c                strcpy
 .text          0x810059a4       0x30 binaries/strlen.o
                0x810059a4                strlen
 .text          0x810059d4       0x50 binaries/strncat.o
                0x810059d4                strncat
 .text          0x81005a24       0x54 binaries/strncmp.o
                0x81005a24                strncmp
 .text          0x81005a78       0x80 binaries/strncpy.o
                0x81005a78                strncpy
 .text          0x81005af8       0x48 binaries/strnlen.o
                0x81005af8                strnlen
 .text          0x81005b40       0x58 binaries/strrchr.o
                0x81005b40                strrchr
 .text          0x81005b98       0xb0 binaries/strstr.o
                0x81005b98                strstr
 .text          0x81005c48       0xc8 binaries/ttycontrol.o
                0x81005c48                ttycontrol
 .text          0x81005d10       0x6c binaries/ttygetc.o
                0x81005d10                ttygetc
 .text          0x81005d7c      0x4d8 binaries/ttyhandle_in.o
                0x81005e48                ttyhandle_in
 .text          0x81006254      0x14c binaries/ttyhandle_out.o
                0x81006254                ttyhandle_out
 .text          0x810063a0       0xc8 binaries/ttyhandler.o
                0x810063a0                ttyhandler
 .text          0x81006468      0x120 binaries/ttyinit.o
                0x81006468                ttyinit
 .text          0x81006588        0xc binaries/ttykickout.o
                0x81006588                ttykickout
 .text          0x81006594       0x78 binaries/ttyputc.o
                0x81006594                ttyputc
 .text          0x8100660c      0x110 binaries/ttyread.o
                0x8100660c                ttyread
 .text          0x8100671c       0x4c binaries/ttywrite.o
                0x8100671c                ttywrite
 .text          0x81006768      0x134 binaries/mount.o
                0x81006768                namlen
                0x810067bc                mount
 .text          0x8100689c      0x1c8 binaries/naminit.o
                0x8100689c                naminit
 .text          0x81006a64      0x240 binaries/nammap.o
                0x81006a64                namrepl
                0x81006b9c                namcpy
                0x81006bf8                nammap
 .text          0x81006ca4       0x40 binaries/namopen.o
                0x81006ca4                namopen
 .text          0x81006ce4       0x40 binaries/ethcontrol.o
                0x81006ce4                ethcontrol
 .text          0x81006d24      0x178 binaries/ethhandler.o
                0x81006d24                ethhandler
 .text          0x81006e9c      0x734 binaries/ethinit.o
                0x81006e9c                eth_phy_read
                0x81006f0c                eth_phy_write
                0x81006f64                eth_phy_reset
                0x810070d4                ethinit
 .text          0x810075d0       0xd8 binaries/ethread.o
                0x810075d0                ethread
 .text          0x810076a8       0xf0 binaries/ethwrite.o
                0x810076a8                ethwrite
 .text          0x81007798       0x90 binaries/rdsbufalloc.o
                0x81007798                rdsbufalloc
 .text          0x81007828       0xa0 binaries/rdsclose.o
                0x81007828                rdsclose
 .text          0x810078c8      0x20c binaries/rdscomm.o
                0x810078c8                rdscomm
 .text          0x81007ad4      0x1a0 binaries/rdscontrol.o
                0x81007ad4                rdscontrol
 .text          0x81007c74      0x180 binaries/rdsinit.o
                0x81007c74                rdsinit
 .text          0x81007df4      0x134 binaries/rdsopen.o
                0x81007df4                rdsopen
 .text          0x81007f28      0x304 binaries/rdsprocess.o
                0x81007f28                rdsprocess
 .text          0x8100822c      0x210 binaries/rdsread.o
                0x8100822c                rdsread
 .text          0x8100843c      0x184 binaries/rdswrite.o
                0x8100843c                rdswrite
 .text          0x810085c0        0x8 binaries/ramclose.o
                0x810085c0                ramclose
 .text          0x810085c8       0x3c binaries/raminit.o
                0x810085c8                raminit
 .text          0x81008604        0x8 binaries/ramopen.o
                0x81008604                ramopen
 .text          0x8100860c       0x24 binaries/ramread.o
                0x8100860c                ramread
 .text          0x81008630       0x20 binaries/ramwrite.o
                0x81008630                ramwrite
 .text          0x81008650       0x94 binaries/lfdballoc.o
                0x81008650                lfdballoc
 .text          0x810086e4       0x4c binaries/lfdbfree.o
                0x810086e4                lfdbfree
 .text          0x81008730       0xb8 binaries/lfflush.o
                0x81008730                lfflush
 .text          0x810087e8       0xc8 binaries/lfgetmode.o
                0x810087e8                lfgetmode
 .text          0x810088b0       0x6c binaries/lfiballoc.o
                0x810088b0                lfiballoc
 .text          0x8100891c       0x30 binaries/lfibclear.o
                0x8100891c                lfibclear
 .text          0x8100894c       0x64 binaries/lfibget.o
                0x8100894c                lfibget
 .text          0x810089b0       0x8c binaries/lfibput.o
                0x810089b0                lfibput
 .text          0x81008a3c       0x84 binaries/lflclose.o
                0x81008a3c                lflclose
 .text          0x81008ac0       0xa0 binaries/lflcontrol.o
                0x81008ac0                lflcontrol
 .text          0x81008b60       0xa8 binaries/lflgetc.o
                0x81008b60                lflgetc
 .text          0x81008c08       0xa8 binaries/lflinit.o
                0x81008c08                lflinit
 .text          0x81008cb0       0xdc binaries/lflputc.o
                0x81008cb0                lflputc
 .text          0x81008d8c       0x78 binaries/lflread.o
                0x81008d8c                lflread
 .text          0x81008e04       0x80 binaries/lflseek.o
                0x81008e04                lflseek
 .text          0x81008e84       0x5c binaries/lflwrite.o
                0x81008e84                lflwrite
 .text          0x81008ee0       0xa0 binaries/lfscheck.o
                0x81008ee0                lfscheck
 .text          0x81008f80      0x144 binaries/lfsckfmt.o
                0x81008f80                lfsckfmt
 .text          0x810090c4      0x15c binaries/lfscreate.o
                0x810090c4                lfscreate
 .text          0x81009220      0x1f0 binaries/lfsetup.o
                0x81009220                lfsetup
 .text          0x81009410       0x44 binaries/lfsinit.o
                0x81009410                lfsinit
 .text          0x81009454      0x358 binaries/lfsopen.o
                0x81009454                lfsopen
 .text          0x810097ac      0x108 binaries/lftruncate.o
                0x810097ac                lftruncate
 .text          0x810098b4       0x70 binaries/rflclose.o
                0x810098b4                rflclose
 .text          0x81009924       0x28 binaries/rflgetc.o
                0x81009924                rflgetc
 .text          0x8100994c       0x54 binaries/rflinit.o
                0x8100994c                rflinit
 .text          0x810099a0       0x30 binaries/rflputc.o
                0x810099a0                rflputc
 .text          0x810099d0      0x28c binaries/rflread.o
                0x810099d0                rflread
 .text          0x81009c5c       0x74 binaries/rflseek.o
                0x81009c5c                rflseek
 .text          0x81009cd0      0x2c8 binaries/rflwrite.o
                0x81009cd0                rflwrite
 .text          0x81009f98      0x198 binaries/rfscomm.o
                0x81009f98                rfscomm
 .text          0x8100a130      0x224 binaries/rfscontrol.o
                0x8100a130                rfscontrol
 .text          0x8100a354       0xc8 binaries/rfsgetmode.o
                0x8100a354                rfsgetmode
 .text          0x8100a41c       0x84 binaries/rfsinit.o
                0x8100a41c                rfsinit
 .text          0x8100a4a0       0xa4 binaries/rfsndmsg.o
                0x8100a4a0                rfsndmsg
 .text          0x8100a544      0x22c binaries/rfsopen.o
                0x8100a544                rfsopen
 .text          0x8100a770       0x8c binaries/spicontrol.o
                0x8100a770                spicontrol
 .text          0x8100a7fc       0xa8 binaries/spiinit.o
                0x8100a7fc                spiinit
 .text          0x8100a8a4       0x90 binaries/adcinit.o
                0x8100a8a4                adcinit
 .text          0x8100a934       0xd4 binaries/adcread.o
                0x8100a934                adcread
 .text          0x8100aa08      0x1c4 binaries/gpio.o
                0x8100aa08                gpioinit
                0x8100aa74                gpioctl
                0x8100ab20                gpiowrite
                0x8100ab8c                gpioread
 .text          0x8100abcc       0xdc binaries/led.o
                0x8100abcc                led_init
                0x8100ac10                led_on
                0x8100ac5c                led_off
 .text          0x8100aca8       0xa8 binaries/tmp36.o
                0x8100aca8                tmp_init
                0x8100acc8                tmp_read
 .text          0x8100ad50      0x19c binaries/adxl345.o
                0x8100ad50                write_register
                0x8100ad98                read_register
                0x8100adec                accel_init
                0x8100ae4c                accel_read
 .text          0x8100aeec      0x714 binaries/arp.o
                0x8100aeec                arp_init
                0x8100af0c                arp_alloc
                0x8100afe0                arp_ntoh
                0x8100b084                arp_hton
                0x8100b128                arp_resolve
                0x8100b38c                arp_in
 .text          0x8100b600      0x6b0 binaries/dhcp.o
                0x8100b600                dhcp_get_opt_val
                0x8100b660                dhcp_bld_bootp_msg
                0x8100b758                dhcp_bld_disc
                0x8100b7ac                dhcp_bld_req
                0x8100b870                getlocalip
 .text          0x8100bcb0      0x56c binaries/dns.o
                0x8100bd98                dnslookup
 .text          0x8100c21c      0x120 binaries/dot2ip.o
                0x8100c21c                dot2ip
 .text          0x8100c33c      0x33c binaries/hexdump.o
                0x8100c33c                hexdump
                0x8100c49c                hexadump
 .text          0x8100c678      0x660 binaries/icmp.o
                0x8100c678                icmp_init
                0x8100c69c                icmp_register
                0x8100c758                icmp_recv
                0x8100c8a8                icmp_mkpkt
                0x8100c998                icmp_in
                0x8100cae4                icmp_send
                0x8100cb54                icmp_release
                0x8100cc10                icmp_cksum
                0x8100cc70                icmp_hton
                0x8100cca4                icmp_ntoh
 .text          0x8100ccd8      0x674 binaries/ip.o
                0x8100ccd8                ip_local
                0x8100cd08                ipcksum
                0x8100cd4c                ip_ntoh
                0x8100cdf0                ip_in
                0x8100cf2c                ip_hton
                0x8100cfd0                ip_out
                0x8100d084                ip_send
                0x8100d1b4                ipout
                0x8100d2b0                ip_enqueue
 .text          0x8100d34c      0x228 binaries/net.o
                0x8100d34c                net_init
                0x8100d454                eth_hton
                0x8100d468                eth_ntoh
                0x8100d47c                netin
                0x8100d524                getport
 .text          0x8100d574      0x9dc binaries/pdump.o
                0x8100d574                pdump
                0x8100db00                pdumph
 .text          0x8100df50      0x56c binaries/tftp.o
                0x8100df50                tftp_send1
                0x8100e03c                tftpget_mb
                0x8100e488                tftpget
 .text          0x8100e4bc      0x890 binaries/udp.o
                0x8100e4bc                udp_init
                0x8100e4e4                udp_in
                0x8100e5d0                udp_register
                0x8100e6cc                udp_recv
                0x8100e800                udp_recvaddr
                0x8100e950                udp_send
                0x8100eac8                udp_sendto
                0x8100ec28                udp_release
                0x8100ece4                udp_ntoh
                0x8100ed18                udp_hton
 .text          0x8100ed4c      0x120 binaries/addargs.o
                0x8100ed4c                addargs
 .text          0x8100ee6c      0x2b4 binaries/lexan.o
                0x8100ee6c                lexan
 .text          0x8100f120      0x6ac binaries/shell.o
                0x8100f120                shell
 .text          0x8100f7cc       0x64 binaries/xsh_argecho.o
                0x8100f7cc                xsh_argecho
 .text          0x8100f830      0x1f8 binaries/xsh_arp.o
                0x8100f830                xsh_arp
 .text          0x8100fa28      0x23c binaries/xsh_cat.o
                0x8100fa28                xsh_cat
 .text          0x8100fc64       0x5c binaries/xsh_clear.o
                0x8100fc64                xsh_clear
 .text          0x8100fcc0      0x29c binaries/xsh_date.o
                0x8100fcc0                xsh_date
 .text          0x8100ff5c       0x98 binaries/xsh_devdump.o
                0x8100ff5c                xsh_devdump
 .text          0x8100fff4       0x68 binaries/xsh_echo.o
                0x8100fff4                xsh_echo
 .text          0x8101005c        0x8 binaries/xsh_exit.o
                0x8101005c                xsh_exit
 .text          0x81010064      0x3d0 binaries/xsh_help.o
                0x81010064                xsh_help
 .text          0x81010434      0x1f8 binaries/xsh_kill.o
                0x81010434                xsh_kill
 .text          0x8101062c      0x490 binaries/xsh_memdump.o
                0x81010728                xsh_memdump
 .text          0x81010abc      0x224 binaries/xsh_memstat.o
                0x81010abc                xsh_memstat
 .text          0x81010ce0      0x3fc binaries/xsh_netinfo.o
                0x81010ce0                xsh_netinfo
 .text          0x810110dc      0x3b0 binaries/xsh_ping.o
                0x810110dc                xsh_ping
 .text          0x8101148c      0x220 binaries/xsh_ps.o
                0x8101148c                xsh_ps
 .text          0x810116ac      0x1cc binaries/xsh_sleep.o
                0x810116ac                xsh_sleep
 .text          0x81011878      0x244 binaries/xsh_udpdump.o
                0x81011878                xsh_udpdump
 .text          0x81011abc      0x400 binaries/xsh_udpecho.o
                0x81011abc                xsh_udpecho
 .text          0x81011ebc      0x254 binaries/xsh_udpserver.o
                0x81011ebc                xsh_udpeserver
 .text          0x81012110      0x1ac binaries/xsh_uptime.o
                0x81012110                xsh_uptime
 .text          0x810122bc       0x2c binaries/ctxsw.o
                0x810122bc                ctxsw
 .text          0x810122e8      0x100 binaries/intr.o
                0x810122e8                disable
                0x810122f4                restore
                0x81012318                enable
                0x81012320                pause
                0x81012320                halt
                0x81012328                irq_except
                0x81012358                initevec
                0x810123b8                expjmpinstr
 .text          0x810123e8      0x114 ../cross_compiler/lib/gcc/arm-none-eabi/4.8.1//libgcc.a(_udivsi3.o)
                0x810123e8                __udivsi3
                0x810123e8                __aeabi_uidiv
                0x810124dc                __aeabi_uidivmod
 .text          0x810124fc      0x148 ../cross_compiler/lib/gcc/arm-none-eabi/4.8.1//libgcc.a(_divsi3.o)
                0x810124fc                __aeabi_idiv
                0x810124fc                __divsi3
                0x81012624                __aeabi_idivmod
 .text          0x81012644        0x4 ../cross_compiler/lib/gcc/arm-none-eabi/4.8.1//libgcc.a(_dvmd_tls.o)
                0x81012644                __aeabi_ldiv0
                0x81012644                __aeabi_idiv0
 .text          0x81012648      0x49c ../cross_compiler/lib/gcc/arm-none-eabi/4.8.1//libgcc.a(_arm_muldivdf3.o)
                0x81012648                __aeabi_dmul
                0x81012648                __muldf3
                0x810128d8                __aeabi_ddiv
                0x810128d8                __divdf3
 .text          0x81012ae4      0x144 ../cross_compiler/lib/gcc/arm-none-eabi/4.8.1//libgcc.a(_arm_cmpdf2.o)
                0x81012ae4                __gtdf2
                0x81012ae4                __gedf2
                0x81012aec                __ltdf2
                0x81012aec                __ledf2
                0x81012af4                __cmpdf2
                0x81012af4                __eqdf2
                0x81012af4                __nedf2
                0x81012b7c                __aeabi_cdrcmple
                0x81012b98                __aeabi_cdcmple
                0x81012b98                __aeabi_cdcmpeq
                0x81012bb0                __aeabi_dcmpeq
                0x81012bc8                __aeabi_dcmplt
                0x81012be0                __aeabi_dcmple
                0x81012bf8                __aeabi_dcmpge
                0x81012c10                __aeabi_dcmpgt
 .text          0x81012c28       0x5c ../cross_compiler/lib/gcc/arm-none-eabi/4.8.1//libgcc.a(_arm_fixdfsi.o)
                0x81012c28                __fixdfsi
                0x81012c28                __aeabi_d2iz
 *(.rodata .rodata.*)
 .rodata.str1.4
                0x81012c84       0x78 binaries/ascdate.o
 .rodata.str1.4
                0x81012cfc       0xee binaries/conf.o
                                 0xf0 (size before relaxing)
 *fill*         0x81012dea        0x2 
 .rodata.str1.4
                0x81012dec       0x61 binaries/getutime.o
                                 0x64 (size before relaxing)
 *fill*         0x81012e4d        0x3 
 .rodata.str1.4
                0x81012e50      0x188 binaries/initialize.o
                                0x18c (size before relaxing)
 .rodata.str1.4
                0x81012fd8       0xec binaries/main.o
 .rodata.str1.4
                0x810130c4        0xf binaries/panic.o
                                 0x10 (size before relaxing)
 *fill*         0x810130d3        0x1 
 .rodata.str1.4
                0x810130d4       0x1d binaries/ptinit.o
                                 0x20 (size before relaxing)
 *fill*         0x810130f1        0x3 
 .rodata.str1.4
                0x810130f4       0x25 binaries/ptsend.o
                                 0x28 (size before relaxing)
 *fill*         0x81013119        0x3 
 .rodata.str1.4
                0x8101311c       0x27 binaries/xdone.o
                                 0x28 (size before relaxing)
 *fill*         0x81013143        0x1 
 .rodata        0x81013144       0x84 binaries/ctype_.o
                0x81013144                _ctype_
 .rodata.str1.4
                0x810131c8       0x2f binaries/doprnt.o
                                 0x30 (size before relaxing)
 .rodata.str1.4
                0x00000000       0x30 binaries/fdoprnt.o
 *fill*         0x810131f7        0x1 
 .rodata.str1.4
                0x810131f8       0x86 binaries/naminit.o
                                 0x90 (size before relaxing)
 *fill*         0x8101327e        0x2 
 .rodata.str1.4
                0x81013280       0xe5 binaries/ethinit.o
                                 0xe8 (size before relaxing)
 *fill*         0x81013365        0x3 
 .rodata.str1.4
                0x81013368       0x12 binaries/ethread.o
                                 0x14 (size before relaxing)
 *fill*         0x8101337a        0x2 
 .rodata.str1.4
                0x8101337c       0x2c binaries/rdsbufalloc.o
 .rodata.str1.4
                0x810133a8       0x76 binaries/rdscomm.o
                                 0x78 (size before relaxing)
 *fill*         0x8101341e        0x2 
 .rodata.str1.4
                0x81013420       0x48 binaries/rdscontrol.o
 .rodata.str1.4
                0x81013468       0x96 binaries/rdsinit.o
                                 0x98 (size before relaxing)
 *fill*         0x810134fe        0x2 
 .rodata.str1.4
                0x81013500       0x22 binaries/rdsopen.o
                                 0x24 (size before relaxing)
 *fill*         0x81013522        0x2 
 .rodata.str1.4
                0x81013524       0x4d binaries/rdsprocess.o
                                 0x50 (size before relaxing)
 *fill*         0x81013571        0x3 
 .rodata.str1.4
                0x81013574        0x9 binaries/raminit.o
                                  0xc (size before relaxing)
 *fill*         0x8101357d        0x3 
 .rodata.str1.4
                0x81013580       0x37 binaries/lfdballoc.o
                                 0x38 (size before relaxing)
 *fill*         0x810135b7        0x1 
 .rodata.str1.4
                0x810135b8       0x14 binaries/lfiballoc.o
 .rodata.str1.4
                0x810135cc       0x23 binaries/lflcontrol.o
                                 0x24 (size before relaxing)
 *fill*         0x810135ef        0x1 
 .rodata.str1.4
                0x810135f0      0x11f binaries/lfsckfmt.o
                                0x120 (size before relaxing)
 *fill*         0x8101370f        0x1 
 .rodata.str1.4
                0x81013710       0x2a binaries/lfsopen.o
                                 0x2c (size before relaxing)
 *fill*         0x8101373a        0x2 
 .rodata.str1.4
                0x8101373c       0x21 binaries/rflread.o
                                 0x24 (size before relaxing)
 .rodata.str1.4
                0x00000000       0x24 binaries/rflwrite.o
 *fill*         0x8101375d        0x3 
 .rodata.str1.4
                0x81013760       0x75 binaries/rfscomm.o
                                 0x78 (size before relaxing)
 *fill*         0x810137d5        0x3 
 .rodata.str1.4
                0x810137d8       0x23 binaries/rfscontrol.o
                                 0x24 (size before relaxing)
 *fill*         0x810137fb        0x1 
 .rodata.str1.4
                0x810137fc       0x63 binaries/rfsinit.o
                                 0x64 (size before relaxing)
 *fill*         0x8101385f        0x1 
 .rodata.str1.4
                0x81013860       0x2a binaries/rfsndmsg.o
                                 0x2c (size before relaxing)
 .rodata.str1.4
                0x00000000       0x24 binaries/rfsopen.o
 *fill*         0x8101388a        0x2 
 .rodata.str1.4
                0x8101388c       0x13 binaries/adcread.o
                                 0x14 (size before relaxing)
 *fill*         0x8101389f        0x1 
 .rodata.str1.4
                0x810138a0       0x2c binaries/led.o
 .rodata.str1.4
                0x810138cc       0x63 binaries/tmp36.o
                                 0x64 (size before relaxing)
 *fill*         0x8101392f        0x1 
 .rodata.str1.4
                0x81013930       0x3e binaries/adxl345.o
                                 0x40 (size before relaxing)
 *fill*         0x8101396e        0x2 
 .rodata.str1.4
                0x81013970       0x3d binaries/arp.o
                                 0x40 (size before relaxing)
 *fill*         0x810139ad        0x3 
 .rodata.str1.4
                0x810139b0       0xd3 binaries/dhcp.o
                                 0xd4 (size before relaxing)
 *fill*         0x81013a83        0x1 
 .rodata.str1.4
                0x81013a84       0x1a binaries/dns.o
                                 0x1c (size before relaxing)
 *fill*         0x81013a9e        0x2 
 .rodata.str1.4
                0x81013aa0       0xca binaries/hexdump.o
                                 0xd8 (size before relaxing)
 *fill*         0x81013b6a        0x2 
 .rodata.str1.4
                0x81013b6c       0x29 binaries/icmp.o
                                 0x2c (size before relaxing)
 *fill*         0x81013b95        0x3 
 .rodata.str1.4
                0x81013b98       0x6e binaries/ip.o
                                 0x70 (size before relaxing)
 *fill*         0x81013c06        0x2 
 .rodata.str1.4
                0x81013c08       0x53 binaries/net.o
                                 0x54 (size before relaxing)
 *fill*         0x81013c5b        0x1 
 .rodata.str1.4
                0x81013c5c      0x292 binaries/pdump.o
                                0x298 (size before relaxing)
 *fill*         0x81013eee        0x2 
 .rodata.str1.4
                0x81013ef0      0x154 binaries/tftp.o
                                0x158 (size before relaxing)
 .rodata        0x81014044       0xfc binaries/shell.o
                0x81014044                cmdtab
 .rodata.str1.4
                0x81014140      0x2e6 binaries/shell.o
                                0x2f0 (size before relaxing)
 *fill*         0x81014426        0x2 
 .rodata.str1.4
                0x81014428       0x29 binaries/xsh_argecho.o
                                 0x30 (size before relaxing)
 *fill*         0x81014451        0x3 
 .rodata.str1.4
                0x81014454      0x13e binaries/xsh_arp.o
                                0x144 (size before relaxing)
 *fill*         0x81014592        0x2 
 .rodata.str1.4
                0x81014594       0x81 binaries/xsh_cat.o
                                 0xd4 (size before relaxing)
 *fill*         0x81014615        0x3 
 .rodata.str1.4
                0x81014618       0x19 binaries/xsh_clear.o
                                 0x1c (size before relaxing)
 *fill*         0x81014631        0x3 
 .rodata.str1.4
                0x81014634      0x1af binaries/xsh_date.o
                                0x1cc (size before relaxing)
 *fill*         0x810147e3        0x1 
 .rodata.str1.4
                0x810147e4       0x61 binaries/xsh_devdump.o
                                 0x64 (size before relaxing)
 *fill*         0x81014845        0x3 
 .rodata.str1.4
                0x81014848        0x8 binaries/xsh_echo.o
                                  0xc (size before relaxing)
 .rodata.str1.4
                0x81014850       0xe7 binaries/xsh_help.o
                                0x17c (size before relaxing)
 *fill*         0x81014937        0x1 
 .rodata.str1.4
                0x81014938       0xc8 binaries/xsh_kill.o
                                0x138 (size before relaxing)
 .rodata.str1.4
                0x81014a00      0x226 binaries/xsh_memdump.o
                                0x27c (size before relaxing)
 *fill*         0x81014c26        0x2 
 .rodata.str1.4
                0x81014c28      0x1cc binaries/xsh_memstat.o
                                0x234 (size before relaxing)
 .rodata.str1.4
                0x81014df4      0x10f binaries/xsh_netinfo.o
                                0x1cc (size before relaxing)
 *fill*         0x81014f03        0x1 
 .rodata.str1.4
                0x81014f04      0x13f binaries/xsh_ping.o
                                0x1b4 (size before relaxing)
 *fill*         0x81015043        0x1 
 .rodata        0x81015044       0x20 binaries/xsh_ps.o
 .rodata.str1.4
                0x81015064      0x11a binaries/xsh_ps.o
                                0x1d4 (size before relaxing)
 *fill*         0x8101517e        0x2 
 .rodata.str1.4
                0x81015180       0x5e binaries/xsh_sleep.o
                                 0xf8 (size before relaxing)
 *fill*         0x810151de        0x2 
 .rodata        0x810151e0        0xc binaries/xsh_udpdump.o
 .rodata.str1.4
                0x810151ec      0x122 binaries/xsh_udpdump.o
                                0x1e0 (size before relaxing)
 *fill*         0x8101530e        0x2 
 .rodata.str1.4
                0x81015310      0x1ae binaries/xsh_udpecho.o
                                0x224 (size before relaxing)
 *fill*         0x810154be        0x2 
 .rodata.str1.4
                0x810154c0       0x97 binaries/xsh_udpserver.o
                                0x13c (size before relaxing)
 *fill*         0x81015557        0x1 
 .rodata.str1.4
                0x81015558       0x78 binaries/xsh_uptime.o
                                0x114 (size before relaxing)
                0x810155d0                etext = ABSOLUTE (.)
                0x81016000                . = ALIGN (0x1000)
 *fill*         0x810155d0      0xa30 

.glue_7         0x81016000        0x0
 .glue_7        0x00000000        0x0 linker stubs

.glue_7t        0x81016000        0x0
 .glue_7t       0x00000000        0x0 linker stubs

.vfp11_veneer   0x81016000        0x0
 .vfp11_veneer  0x00000000        0x0 linker stubs

.v4_bx          0x81016000        0x0
 .v4_bx         0x00000000        0x0 linker stubs

.iplt           0x81016000        0x0
 .iplt          0x00000000        0x0 binaries/start.o

.rel.dyn        0x81016000        0x0
 .rel.iplt      0x00000000        0x0 binaries/start.o

.data           0x81016000     0x1000
                0x81016000                data = ABSOLUTE (.)
 *(.data .data.*)
 .data          0x81016000        0x0 binaries/start.o
 .data          0x81016000       0x88 binaries/ascdate.o
                0x81016000                Date
 .data          0x81016088        0x0 binaries/bufinit.o
 .data          0x81016088        0x0 binaries/chprio.o
 .data          0x81016088        0x4 binaries/clkhandler.o
 .data          0x8101608c        0x0 binaries/clkinit.o
 .data          0x8101608c        0x0 binaries/close.o
 .data          0x8101608c      0x6cc binaries/conf.o
                0x8101608c                devtab
 .data          0x81016758        0x0 binaries/control.o
 .data          0x81016758        0x4 binaries/create.o
 .data          0x8101675c        0x0 binaries/do_init.o
 .data          0x8101675c        0x0 binaries/do_led_init.o
 .data          0x8101675c        0x0 binaries/do_led_off.o
 .data          0x8101675c        0x0 binaries/do_led_on.o
 .data          0x8101675c        0x0 binaries/do_read.o
 .data          0x8101675c        0x0 binaries/do_tmp_init.o
 .data          0x8101675c        0x0 binaries/do_tmp_read.o
 .data          0x8101675c       0x40 binaries/evec.o
                0x8101675c                expmsg2
                0x81016770                expmsg1
 .data          0x8101679c        0x0 binaries/exit.o
 .data          0x8101679c        0x0 binaries/freebuf.o
 .data          0x8101679c        0x0 binaries/freemem.o
 .data          0x8101679c        0x0 binaries/getbuf.o
 .data          0x8101679c        0x0 binaries/getc.o
 .data          0x8101679c        0x0 binaries/getdev.o
 .data          0x8101679c        0x0 binaries/getitem.o
 .data          0x8101679c        0x0 binaries/getmem.o
 .data          0x8101679c        0x0 binaries/getpid.o
 .data          0x8101679c        0x0 binaries/getprio.o
 .data          0x8101679c        0x0 binaries/getstk.o
 .data          0x8101679c        0x0 binaries/getticks.o
 .data          0x8101679c        0x0 binaries/gettime.o
 .data          0x8101679c        0x0 binaries/getutime.o
 .data          0x8101679c        0x0 binaries/init.o
 .data          0x8101679c        0x0 binaries/initialize.o
 .data          0x8101679c        0x0 binaries/insert.o
 .data          0x8101679c        0x0 binaries/insertd.o
 .data          0x8101679c        0x0 binaries/ioerr.o
 .data          0x8101679c        0x0 binaries/ionull.o
 .data          0x8101679c        0x0 binaries/kill.o
 .data          0x8101679c        0x0 binaries/kprintf.o
 .data          0x8101679c        0x4 binaries/main.o
                0x8101679c                buff
 .data          0x810167a0        0x0 binaries/mark.o
 .data          0x810167a0        0x0 binaries/meminit.o
 .data          0x810167a0        0x0 binaries/mkbufpool.o
 .data          0x810167a0        0x2 binaries/newqueue.o
 .data          0x810167a2        0x0 binaries/open.o
 .data          0x810167a2        0x0 binaries/panic.o
 .data          0x810167a2        0x0 binaries/platinit.o
 .data          0x810167a2        0x0 binaries/ptclear.o
 .data          0x810167a2        0x0 binaries/ptcount.o
 .data          0x810167a2        0x0 binaries/ptcreate.o
 .data          0x810167a2        0x0 binaries/ptdelete.o
 .data          0x810167a2        0x0 binaries/ptinit.o
 .data          0x810167a2        0x0 binaries/ptrecv.o
 .data          0x810167a2        0x0 binaries/ptreset.o
 .data          0x810167a2        0x0 binaries/ptsend.o
 .data          0x810167a2        0x0 binaries/putc.o
 .data          0x810167a2        0x0 binaries/queue.o
 .data          0x810167a2        0x0 binaries/read.o
 .data          0x810167a2        0x0 binaries/ready.o
 .data          0x810167a2        0x0 binaries/receive.o
 .data          0x810167a2        0x0 binaries/recvclr.o
 .data          0x810167a2        0x0 binaries/recvtime.o
 .data          0x810167a2        0x0 binaries/resched.o
 .data          0x810167a2        0x0 binaries/resume.o
 .data          0x810167a2        0x0 binaries/seek.o
 .data          0x810167a2        0x0 binaries/semcount.o
 .data          0x810167a2        0x0 binaries/semcreate.o
 .data          0x810167a2        0x0 binaries/semdelete.o
 .data          0x810167a2        0x0 binaries/semreset.o
 .data          0x810167a2        0x0 binaries/send.o
 .data          0x810167a2        0x0 binaries/signal.o
 .data          0x810167a2        0x0 binaries/signaln.o
 .data          0x810167a2        0x0 binaries/sleep.o
 .data          0x810167a2        0x0 binaries/suspend.o
 .data          0x810167a2        0x0 binaries/unsleep.o
 .data          0x810167a2        0x0 binaries/userret.o
 .data          0x810167a2        0x0 binaries/wait.o
 .data          0x810167a2        0x0 binaries/wakeup.o
 .data          0x810167a2        0x0 binaries/write.o
 .data          0x810167a2        0x0 binaries/xdone.o
 .data          0x810167a2        0x0 binaries/yield.o
 .data          0x810167a2        0x0 binaries/abs.o
 .data          0x810167a2        0x0 binaries/atoi.o
 .data          0x810167a2        0x0 binaries/atol.o
 .data          0x810167a2        0x0 binaries/bzero.o
 .data          0x810167a2        0x0 binaries/ctype_.o
 .data          0x810167a2        0x0 binaries/doprnt.o
 *fill*         0x810167a2        0x2 
 .data          0x810167a4       0x80 binaries/doscan.o
                0x810167a4                _sctab
 .data          0x81016824        0x0 binaries/fdoprnt.o
 .data          0x81016824        0x0 binaries/fgetc.o
 .data          0x81016824        0x0 binaries/fgets.o
 .data          0x81016824        0x0 binaries/fprintf.o
 .data          0x81016824        0x0 binaries/fputc.o
 .data          0x81016824        0x0 binaries/fputs.o
 .data          0x81016824        0x0 binaries/fscanf.o
 .data          0x81016824        0x0 binaries/getchar.o
 .data          0x81016824        0x0 binaries/labs.o
 .data          0x81016824        0x0 binaries/memchr.o
 .data          0x81016824        0x0 binaries/memcmp.o
 .data          0x81016824        0x0 binaries/memcpy.o
 .data          0x81016824        0x0 binaries/memset.o
 .data          0x81016824        0x0 binaries/printf.o
 .data          0x81016824        0x0 binaries/putchar.o
 .data          0x81016824        0x0 binaries/qsort.o
 .data          0x81016824        0x4 binaries/rand.o
 .data          0x81016828        0x0 binaries/sprintf.o
 .data          0x81016828        0x0 binaries/sscanf.o
 .data          0x81016828        0x0 binaries/strchr.o
 .data          0x81016828        0x0 binaries/strcmp.o
 .data          0x81016828        0x0 binaries/strcpy.o
 .data          0x81016828        0x0 binaries/strlen.o
 .data          0x81016828        0x0 binaries/strncat.o
 .data          0x81016828        0x0 binaries/strncmp.o
 .data          0x81016828        0x0 binaries/strncpy.o
 .data          0x81016828        0x0 binaries/strnlen.o
 .data          0x81016828        0x0 binaries/strrchr.o
 .data          0x81016828        0x0 binaries/strstr.o
 .data          0x81016828        0x0 binaries/ttycontrol.o
 .data          0x81016828        0x0 binaries/ttygetc.o
 .data          0x81016828        0x0 binaries/ttyhandle_in.o
 .data          0x81016828        0x0 binaries/ttyhandle_out.o
 .data          0x81016828        0x0 binaries/ttyhandler.o
 .data          0x81016828        0x0 binaries/ttyinit.o
 .data          0x81016828        0x0 binaries/ttykickout.o
 .data          0x81016828        0x0 binaries/ttyputc.o
 .data          0x81016828        0x0 binaries/ttyread.o
 .data          0x81016828        0x0 binaries/ttywrite.o
 .data          0x81016828        0x0 binaries/mount.o
 .data          0x81016828        0x0 binaries/naminit.o
 .data          0x81016828        0x0 binaries/nammap.o
 .data          0x81016828        0x0 binaries/namopen.o
 .data          0x81016828        0x0 binaries/ethcontrol.o
 .data          0x81016828        0x0 binaries/ethhandler.o
 .data          0x81016828        0x0 binaries/ethinit.o
 .data          0x81016828        0x0 binaries/ethread.o
 .data          0x81016828        0x0 binaries/ethwrite.o
 .data          0x81016828        0x0 binaries/rdsbufalloc.o
 .data          0x81016828        0x0 binaries/rdsclose.o
 .data          0x81016828        0x0 binaries/rdscomm.o
 .data          0x81016828        0x0 binaries/rdscontrol.o
 .data          0x81016828        0x0 binaries/rdsinit.o
 .data          0x81016828        0x0 binaries/rdsopen.o
 .data          0x81016828        0x0 binaries/rdsprocess.o
 .data          0x81016828        0x0 binaries/rdsread.o
 .data          0x81016828        0x0 binaries/rdswrite.o
 .data          0x81016828        0x0 binaries/ramclose.o
 .data          0x81016828        0x0 binaries/raminit.o
 .data          0x81016828        0x0 binaries/ramopen.o
 .data          0x81016828        0x0 binaries/ramread.o
 .data          0x81016828        0x0 binaries/ramwrite.o
 .data          0x81016828        0x0 binaries/lfdballoc.o
 .data          0x81016828        0x0 binaries/lfdbfree.o
 .data          0x81016828        0x0 binaries/lfflush.o
 .data          0x81016828        0x0 binaries/lfgetmode.o
 .data          0x81016828        0x0 binaries/lfiballoc.o
 .data          0x81016828        0x0 binaries/lfibclear.o
 .data          0x81016828        0x0 binaries/lfibget.o
 .data          0x81016828        0x0 binaries/lfibput.o
 .data          0x81016828        0x0 binaries/lflclose.o
 .data          0x81016828        0x0 binaries/lflcontrol.o
 .data          0x81016828        0x0 binaries/lflgetc.o
 .data          0x81016828        0x0 binaries/lflinit.o
 .data          0x81016828        0x0 binaries/lflputc.o
 .data          0x81016828        0x0 binaries/lflread.o
 .data          0x81016828        0x0 binaries/lflseek.o
 .data          0x81016828        0x0 binaries/lflwrite.o
 .data          0x81016828        0x0 binaries/lfscheck.o
 .data          0x81016828        0x0 binaries/lfsckfmt.o
 .data          0x81016828        0x0 binaries/lfscreate.o
 .data          0x81016828        0x0 binaries/lfsetup.o
 .data          0x81016828        0x0 binaries/lfsinit.o
 .data          0x81016828        0x0 binaries/lfsopen.o
 .data          0x81016828        0x0 binaries/lftruncate.o
 .data          0x81016828        0x0 binaries/rflclose.o
 .data          0x81016828        0x0 binaries/rflgetc.o
 .data          0x81016828        0x0 binaries/rflinit.o
 .data          0x81016828        0x0 binaries/rflputc.o
 .data          0x81016828        0x0 binaries/rflread.o
 .data          0x81016828        0x0 binaries/rflseek.o
 .data          0x81016828        0x0 binaries/rflwrite.o
 .data          0x81016828        0x0 binaries/rfscomm.o
 .data          0x81016828        0x0 binaries/rfscontrol.o
 .data          0x81016828        0x0 binaries/rfsgetmode.o
 .data          0x81016828        0x0 binaries/rfsinit.o
 .data          0x81016828        0x0 binaries/rfsndmsg.o
 .data          0x81016828        0x0 binaries/rfsopen.o
 .data          0x81016828        0x0 binaries/spicontrol.o
 .data          0x81016828        0x0 binaries/spiinit.o
 .data          0x81016828        0x0 binaries/adcinit.o
 .data          0x81016828        0x0 binaries/adcread.o
 .data          0x81016828      0x30c binaries/gpio.o
                0x81016828                gpio_map
 .data          0x81016b34        0x0 binaries/led.o
 .data          0x81016b34        0x4 binaries/tmp36.o
                0x81016b34                adc_pin
 .data          0x81016b38        0x0 binaries/adxl345.o
 .data          0x81016b38        0x0 binaries/arp.o
 .data          0x81016b38        0x0 binaries/dhcp.o
 .data          0x81016b38        0x0 binaries/dns.o
 .data          0x81016b38        0x0 binaries/dot2ip.o
 .data          0x81016b38        0x0 binaries/hexdump.o
 .data          0x81016b38        0x4 binaries/icmp.o
 .data          0x81016b3c        0x0 binaries/ip.o
 .data          0x81016b3c        0x0 binaries/net.o
 .data          0x81016b3c        0x0 binaries/pdump.o
 .data          0x81016b3c        0x0 binaries/tftp.o
 .data          0x81016b3c        0x4 binaries/udp.o
 .data          0x81016b40        0x0 binaries/addargs.o
 .data          0x81016b40        0x0 binaries/lexan.o
 .data          0x81016b40        0x4 binaries/shell.o
                0x81016b40                ncmd
 .data          0x81016b44        0x0 binaries/xsh_argecho.o
 .data          0x81016b44        0x0 binaries/xsh_arp.o
 .data          0x81016b44        0x0 binaries/xsh_cat.o
 .data          0x81016b44        0x0 binaries/xsh_clear.o
 .data          0x81016b44        0x0 binaries/xsh_date.o
 .data          0x81016b44        0x0 binaries/xsh_devdump.o
 .data          0x81016b44        0x0 binaries/xsh_echo.o
 .data          0x81016b44        0x0 binaries/xsh_exit.o
 .data          0x81016b44        0x0 binaries/xsh_help.o
 .data          0x81016b44        0x0 binaries/xsh_kill.o
 .data          0x81016b44        0x0 binaries/xsh_memdump.o
 .data          0x81016b44        0x0 binaries/xsh_memstat.o
 .data          0x81016b44        0x0 binaries/xsh_netinfo.o
 .data          0x81016b44        0x0 binaries/xsh_ping.o
 .data          0x81016b44        0x0 binaries/xsh_ps.o
 .data          0x81016b44        0x0 binaries/xsh_sleep.o
 .data          0x81016b44        0x0 binaries/xsh_udpdump.o
 .data          0x81016b44        0x0 binaries/xsh_udpecho.o
 .data          0x81016b44        0x0 binaries/xsh_udpserver.o
 .data          0x81016b44        0x0 binaries/xsh_uptime.o
 .data          0x81016b44        0x0 binaries/ctxsw.o
 .data          0x81016b44        0x0 binaries/intr.o
 .data          0x81016b44        0x0 ../cross_compiler/lib/gcc/arm-none-eabi/4.8.1//libgcc.a(_udivsi3.o)
 .data          0x81016b44        0x0 ../cross_compiler/lib/gcc/arm-none-eabi/4.8.1//libgcc.a(_divsi3.o)
 .data          0x81016b44        0x0 ../cross_compiler/lib/gcc/arm-none-eabi/4.8.1//libgcc.a(_dvmd_tls.o)
 .data          0x81016b44        0x0 ../cross_compiler/lib/gcc/arm-none-eabi/4.8.1//libgcc.a(_arm_muldivdf3.o)
 .data          0x81016b44        0x0 ../cross_compiler/lib/gcc/arm-none-eabi/4.8.1//libgcc.a(_arm_cmpdf2.o)
 .data          0x81016b44        0x0 ../cross_compiler/lib/gcc/arm-none-eabi/4.8.1//libgcc.a(_arm_fixdfsi.o)
                0x81016b44                edata = ABSOLUTE (.)
                0x81017000                . = ALIGN (0x1000)
 *fill*         0x81016b44      0x4bc 

.igot.plt       0x81017000        0x0
 .igot.plt      0x00000000        0x0 binaries/start.o

.bss            0x81017000    0x20000
                0x81017000                bss = ABSOLUTE (.)
 *(.bss .bss.*)
 .bss           0x81017000        0x0 binaries/start.o
 .bss           0x81017000        0x0 binaries/ascdate.o
 .bss           0x81017000        0x0 binaries/bufinit.o
 .bss           0x81017000        0x0 binaries/chprio.o
 .bss           0x81017000        0x0 binaries/clkhandler.o
 .bss           0x81017000        0x4 binaries/clkinit.o
                0x81017000                ctr1000
 .bss           0x81017004        0x0 binaries/close.o
 .bss           0x81017004        0x0 binaries/conf.o
 .bss           0x81017004        0x0 binaries/control.o
 .bss           0x81017004        0x0 binaries/create.o
 .bss           0x81017004        0x0 binaries/do_init.o
 .bss           0x81017004        0x0 binaries/do_led_init.o
 .bss           0x81017004        0x0 binaries/do_led_off.o
 .bss           0x81017004        0x0 binaries/do_led_on.o
 .bss           0x81017004        0x0 binaries/do_read.o
 .bss           0x81017004        0x0 binaries/do_tmp_init.o
 .bss           0x81017004        0x0 binaries/do_tmp_read.o
 .bss           0x81017004        0x0 binaries/evec.o
 .bss           0x81017004        0x0 binaries/exit.o
 .bss           0x81017004        0x0 binaries/freebuf.o
 .bss           0x81017004        0x0 binaries/freemem.o
 .bss           0x81017004        0x0 binaries/getbuf.o
 .bss           0x81017004        0x0 binaries/getc.o
 .bss           0x81017004        0x0 binaries/getdev.o
 .bss           0x81017004        0x0 binaries/getitem.o
 .bss           0x81017004        0x0 binaries/getmem.o
 .bss           0x81017004        0x0 binaries/getpid.o
 .bss           0x81017004        0x0 binaries/getprio.o
 .bss           0x81017004        0x0 binaries/getstk.o
 .bss           0x81017004        0x0 binaries/getticks.o
 .bss           0x81017004        0x0 binaries/gettime.o
 .bss           0x81017004        0x0 binaries/getutime.o
 .bss           0x81017004        0x0 binaries/init.o
 .bss           0x81017004        0x0 binaries/initialize.o
 .bss           0x81017004        0x0 binaries/insert.o
 .bss           0x81017004        0x0 binaries/insertd.o
 .bss           0x81017004        0x0 binaries/ioerr.o
 .bss           0x81017004        0x0 binaries/ionull.o
 .bss           0x81017004        0x0 binaries/kill.o
 .bss           0x81017004        0x0 binaries/kprintf.o
 .bss           0x81017004        0x0 binaries/main.o
 .bss           0x81017004        0x0 binaries/mark.o
 .bss           0x81017004        0x0 binaries/meminit.o
 .bss           0x81017004        0x0 binaries/mkbufpool.o
 .bss           0x81017004        0x0 binaries/newqueue.o
 .bss           0x81017004        0x0 binaries/open.o
 .bss           0x81017004        0x0 binaries/panic.o
 .bss           0x81017004        0x0 binaries/platinit.o
 .bss           0x81017004        0x0 binaries/ptclear.o
 .bss           0x81017004        0x0 binaries/ptcount.o
 .bss           0x81017004        0x0 binaries/ptcreate.o
 .bss           0x81017004        0x0 binaries/ptdelete.o
 .bss           0x81017004        0x0 binaries/ptinit.o
 .bss           0x81017004        0x0 binaries/ptrecv.o
 .bss           0x81017004        0x0 binaries/ptreset.o
 .bss           0x81017004        0x0 binaries/ptsend.o
 .bss           0x81017004        0x0 binaries/putc.o
 .bss           0x81017004        0x0 binaries/queue.o
 .bss           0x81017004        0x0 binaries/read.o
 .bss           0x81017004        0x0 binaries/ready.o
 .bss           0x81017004        0x0 binaries/receive.o
 .bss           0x81017004        0x0 binaries/recvclr.o
 .bss           0x81017004        0x0 binaries/recvtime.o
 .bss           0x81017004        0x0 binaries/resched.o
 .bss           0x81017004        0x0 binaries/resume.o
 .bss           0x81017004        0x0 binaries/seek.o
 .bss           0x81017004        0x0 binaries/semcount.o
 .bss           0x81017004        0x4 binaries/semcreate.o
 .bss           0x81017008        0x0 binaries/semdelete.o
 .bss           0x81017008        0x0 binaries/semreset.o
 .bss           0x81017008        0x0 binaries/send.o
 .bss           0x81017008        0x0 binaries/signal.o
 .bss           0x81017008        0x0 binaries/signaln.o
 .bss           0x81017008        0x0 binaries/sleep.o
 .bss           0x81017008        0x0 binaries/suspend.o
 .bss           0x81017008        0x0 binaries/unsleep.o
 .bss           0x81017008        0x0 binaries/userret.o
 .bss           0x81017008        0x0 binaries/wait.o
 .bss           0x81017008        0x0 binaries/wakeup.o
 .bss           0x81017008        0x0 binaries/write.o
 .bss           0x81017008        0x0 binaries/xdone.o
 .bss           0x81017008        0x0 binaries/yield.o
 .bss           0x81017008        0x0 binaries/abs.o
 .bss           0x81017008        0x0 binaries/atoi.o
 .bss           0x81017008        0x0 binaries/atol.o
 .bss           0x81017008        0x0 binaries/bzero.o
 .bss           0x81017008        0x0 binaries/ctype_.o
 .bss           0x81017008        0x0 binaries/doprnt.o
 .bss           0x81017008        0x0 binaries/doscan.o
 .bss           0x81017008        0x0 binaries/fdoprnt.o
 .bss           0x81017008        0x0 binaries/fgetc.o
 .bss           0x81017008        0x0 binaries/fgets.o
 .bss           0x81017008        0x0 binaries/fprintf.o
 .bss           0x81017008        0x0 binaries/fputc.o
 .bss           0x81017008        0x0 binaries/fputs.o
 .bss           0x81017008        0x0 binaries/fscanf.o
 .bss           0x81017008        0x0 binaries/getchar.o
 .bss           0x81017008        0x0 binaries/labs.o
 .bss           0x81017008        0x0 binaries/memchr.o
 .bss           0x81017008        0x0 binaries/memcmp.o
 .bss           0x81017008        0x0 binaries/memcpy.o
 .bss           0x81017008        0x0 binaries/memset.o
 .bss           0x81017008        0x0 binaries/printf.o
 .bss           0x81017008        0x0 binaries/putchar.o
 .bss           0x81017008        0x8 binaries/qsort.o
 .bss           0x81017010        0x0 binaries/rand.o
 .bss           0x81017010        0x0 binaries/sprintf.o
 .bss           0x81017010        0x0 binaries/sscanf.o
 .bss           0x81017010        0x0 binaries/strchr.o
 .bss           0x81017010        0x0 binaries/strcmp.o
 .bss           0x81017010        0x0 binaries/strcpy.o
 .bss           0x81017010        0x0 binaries/strlen.o
 .bss           0x81017010        0x0 binaries/strncat.o
 .bss           0x81017010        0x0 binaries/strncmp.o
 .bss           0x81017010        0x0 binaries/strncpy.o
 .bss           0x81017010        0x0 binaries/strnlen.o
 .bss           0x81017010        0x0 binaries/strrchr.o
 .bss           0x81017010        0x0 binaries/strstr.o
 .bss           0x81017010        0x0 binaries/ttycontrol.o
 .bss           0x81017010        0x0 binaries/ttygetc.o
 .bss           0x81017010        0x0 binaries/ttyhandle_in.o
 .bss           0x81017010        0x0 binaries/ttyhandle_out.o
 .bss           0x81017010        0x0 binaries/ttyhandler.o
 .bss           0x81017010        0x0 binaries/ttyinit.o
 .bss           0x81017010        0x0 binaries/ttykickout.o
 .bss           0x81017010        0x0 binaries/ttyputc.o
 .bss           0x81017010        0x0 binaries/ttyread.o
 .bss           0x81017010        0x0 binaries/ttywrite.o
 .bss           0x81017010        0x0 binaries/mount.o
 .bss           0x81017010        0x0 binaries/naminit.o
 .bss           0x81017010        0x0 binaries/nammap.o
 .bss           0x81017010        0x0 binaries/namopen.o
 .bss           0x81017010        0x0 binaries/ethcontrol.o
 .bss           0x81017010        0x0 binaries/ethhandler.o
 .bss           0x81017010        0x0 binaries/ethinit.o
 .bss           0x81017010        0x0 binaries/ethread.o
 .bss           0x81017010        0x0 binaries/ethwrite.o
 .bss           0x81017010        0x0 binaries/rdsbufalloc.o
 .bss           0x81017010        0x0 binaries/rdsclose.o
 .bss           0x81017010        0x0 binaries/rdscomm.o
 .bss           0x81017010        0x0 binaries/rdscontrol.o
 .bss           0x81017010        0x0 binaries/rdsinit.o
 .bss           0x81017010        0x0 binaries/rdsopen.o
 .bss           0x81017010        0x0 binaries/rdsprocess.o
 .bss           0x81017010        0x0 binaries/rdsread.o
 .bss           0x81017010        0x0 binaries/rdswrite.o
 .bss           0x81017010        0x0 binaries/ramclose.o
 .bss           0x81017010        0x0 binaries/raminit.o
 .bss           0x81017010        0x0 binaries/ramopen.o
 .bss           0x81017010        0x0 binaries/ramread.o
 .bss           0x81017010        0x0 binaries/ramwrite.o
 .bss           0x81017010        0x0 binaries/lfdballoc.o
 .bss           0x81017010        0x0 binaries/lfdbfree.o
 .bss           0x81017010        0x0 binaries/lfflush.o
 .bss           0x81017010        0x0 binaries/lfgetmode.o
 .bss           0x81017010        0x0 binaries/lfiballoc.o
 .bss           0x81017010        0x0 binaries/lfibclear.o
 .bss           0x81017010        0x0 binaries/lfibget.o
 .bss           0x81017010        0x0 binaries/lfibput.o
 .bss           0x81017010        0x0 binaries/lflclose.o
 .bss           0x81017010        0x0 binaries/lflcontrol.o
 .bss           0x81017010        0x0 binaries/lflgetc.o
 .bss           0x81017010        0x0 binaries/lflinit.o
 .bss           0x81017010        0x0 binaries/lflputc.o
 .bss           0x81017010        0x0 binaries/lflread.o
 .bss           0x81017010        0x0 binaries/lflseek.o
 .bss           0x81017010        0x0 binaries/lflwrite.o
 .bss           0x81017010        0x0 binaries/lfscheck.o
 .bss           0x81017010        0x0 binaries/lfsckfmt.o
 .bss           0x81017010        0x0 binaries/lfscreate.o
 .bss           0x81017010        0x0 binaries/lfsetup.o
 .bss           0x81017010        0x0 binaries/lfsinit.o
 .bss           0x81017010        0x0 binaries/lfsopen.o
 .bss           0x81017010        0x0 binaries/lftruncate.o
 .bss           0x81017010        0x0 binaries/rflclose.o
 .bss           0x81017010        0x0 binaries/rflgetc.o
 .bss           0x81017010        0x0 binaries/rflinit.o
 .bss           0x81017010        0x0 binaries/rflputc.o
 .bss           0x81017010        0x0 binaries/rflread.o
 .bss           0x81017010        0x0 binaries/rflseek.o
 .bss           0x81017010        0x0 binaries/rflwrite.o
 .bss           0x81017010        0x0 binaries/rfscomm.o
 .bss           0x81017010        0x0 binaries/rfscontrol.o
 .bss           0x81017010        0x0 binaries/rfsgetmode.o
 .bss           0x81017010        0x0 binaries/rfsinit.o
 .bss           0x81017010        0x0 binaries/rfsndmsg.o
 .bss           0x81017010        0x0 binaries/rfsopen.o
 .bss           0x81017010        0x0 binaries/spicontrol.o
 .bss           0x81017010        0x0 binaries/spiinit.o
 .bss           0x81017010        0x0 binaries/adcinit.o
 .bss           0x81017010        0x0 binaries/adcread.o
 .bss           0x81017010        0x0 binaries/gpio.o
 .bss           0x81017010        0x1 binaries/led.o
                0x81017010                ledinit
 .bss           0x81017011        0x0 binaries/tmp36.o
 .bss           0x81017011        0x1 binaries/adxl345.o
                0x81017011                devid
 .bss           0x81017012        0x0 binaries/arp.o
 .bss           0x81017012        0x0 binaries/dhcp.o
 .bss           0x81017012        0x0 binaries/dns.o
 .bss           0x81017012        0x0 binaries/dot2ip.o
 .bss           0x81017012        0x0 binaries/hexdump.o
 .bss           0x81017012        0x0 binaries/icmp.o
 .bss           0x81017012        0x0 binaries/ip.o
 .bss           0x81017012        0x0 binaries/net.o
 .bss           0x81017012        0x0 binaries/pdump.o
 .bss           0x81017012        0x0 binaries/tftp.o
 .bss           0x81017012        0x0 binaries/udp.o
 .bss           0x81017012        0x0 binaries/addargs.o
 .bss           0x81017012        0x0 binaries/lexan.o
 .bss           0x81017012        0x0 binaries/shell.o
 .bss           0x81017012        0x0 binaries/xsh_argecho.o
 .bss           0x81017012        0x0 binaries/xsh_arp.o
 .bss           0x81017012        0x0 binaries/xsh_cat.o
 .bss           0x81017012        0x0 binaries/xsh_clear.o
 .bss           0x81017012        0x0 binaries/xsh_date.o
 .bss           0x81017012        0x0 binaries/xsh_devdump.o
 .bss           0x81017012        0x0 binaries/xsh_echo.o
 .bss           0x81017012        0x0 binaries/xsh_exit.o
 .bss           0x81017012        0x0 binaries/xsh_help.o
 .bss           0x81017012        0x0 binaries/xsh_kill.o
 .bss           0x81017012        0x0 binaries/xsh_memdump.o
 .bss           0x81017012        0x0 binaries/xsh_memstat.o
 .bss           0x81017012        0x0 binaries/xsh_netinfo.o
 *fill*         0x81017012        0x2 
 .bss           0x81017014        0x4 binaries/xsh_ping.o
 .bss           0x81017018        0x0 binaries/xsh_ps.o
 .bss           0x81017018        0x0 binaries/xsh_sleep.o
 .bss           0x81017018        0x0 binaries/xsh_udpdump.o
 .bss           0x81017018        0x0 binaries/xsh_udpecho.o
 .bss           0x81017018        0x0 binaries/xsh_udpserver.o
 .bss           0x81017018        0x0 binaries/xsh_uptime.o
 .bss           0x81017018        0x0 binaries/ctxsw.o
 .bss           0x81017018        0x0 binaries/intr.o
 .bss           0x81017018        0x0 ../cross_compiler/lib/gcc/arm-none-eabi/4.8.1//libgcc.a(_udivsi3.o)
 .bss           0x81017018        0x0 ../cross_compiler/lib/gcc/arm-none-eabi/4.8.1//libgcc.a(_divsi3.o)
 .bss           0x81017018        0x0 ../cross_compiler/lib/gcc/arm-none-eabi/4.8.1//libgcc.a(_dvmd_tls.o)
 .bss           0x81017018        0x0 ../cross_compiler/lib/gcc/arm-none-eabi/4.8.1//libgcc.a(_arm_muldivdf3.o)
 .bss           0x81017018        0x0 ../cross_compiler/lib/gcc/arm-none-eabi/4.8.1//libgcc.a(_arm_cmpdf2.o)
 .bss           0x81017018        0x0 ../cross_compiler/lib/gcc/arm-none-eabi/4.8.1//libgcc.a(_arm_fixdfsi.o)
 *(COMMON)
 COMMON         0x81017018       0xf4 binaries/bufinit.o
                0x81017018                buftab
                0x81017108                nbpools
 COMMON         0x8101710c        0xc binaries/clkinit.o
                0x8101710c                sleepq
                0x81017110                preempt
                0x81017114                clktime
 COMMON         0x81017118      0x200 binaries/evec.o
                0x81017118                intc_vector
 COMMON         0x81017318     0x1aa0 binaries/initialize.o
                0x81017318                currpid
                0x8101731c                proctab
                0x810188fc                prcount
                0x81018900                semtab
                0x81018db0                memlist
 COMMON         0x81018db8       0x58 binaries/mark.o
                0x81018db8                marks
                0x81018e08                nmarks
                0x81018e0c                mkmutex
 COMMON         0x81018e10        0x8 binaries/meminit.o
                0x81018e10                minheap
                0x81018e14                maxheap
 COMMON         0x81018e18      0x2d8 binaries/ptinit.o
                0x81018e18                porttab
                0x810190e8                ptnextid
                0x810190ec                ptfree
 COMMON         0x810190f0      0x980 binaries/queue.o
                0x810190f0                queuetab
 COMMON         0x81019a70        0x2 binaries/ready.o
                0x81019a70                readylist
 *fill*         0x81019a72        0x2 
 COMMON         0x81019a74        0x8 binaries/resched.o
                0x81019a74                Defer
 COMMON         0x81019a7c      0x110 binaries/ttyinit.o
                0x81019a7c                ttytab
 COMMON         0x81019b8c     0x19a4 binaries/naminit.o
                0x81019b8c                nnames
                0x81019b90                nametab
 COMMON         0x8101b530      0x154 binaries/ethinit.o
                0x8101b530                eth_a_regs
                0x8101b54c                ethertab
 COMMON         0x8101b684       0x8c binaries/rdsinit.o
                0x8101b684                rdstab
 COMMON         0x8101b710    0x19000 binaries/raminit.o
                0x8101b710                Ram
 COMMON         0x81034710      0xf00 binaries/lflinit.o
                0x81034710                lfltab
 COMMON         0x81035610      0x20c binaries/lfsinit.o
                0x81035610                Lf_data
 COMMON         0x8103581c      0x5a0 binaries/rflinit.o
                0x8103581c                rfltab
 COMMON         0x81035dbc       0x18 binaries/rfsinit.o
                0x81035dbc                Rf_data
 COMMON         0x81035dd4        0x1 binaries/led.o
                0x81035dd4                ledpin
 *fill*         0x81035dd5        0x3 
 COMMON         0x81035dd8      0x140 binaries/arp.o
                0x81035dd8                arpcache
 COMMON         0x81035f18      0x230 binaries/icmp.o
                0x81035f18                icmptab
 COMMON         0x81036148       0x2c binaries/ip.o
                0x81036148                ipoqueue
 COMMON         0x81036174       0xb8 binaries/net.o
                0x81036174                netbufpool
                0x81036178                netportseed
                0x8103617c                NetData
 COMMON         0x8103622c      0x168 binaries/udp.o
                0x8103622c                udptab
                0x81036394                ebss = ABSOLUTE (.)
                0x81037000                . = ALIGN (0x1000)
 *fill*         0x81036394      0xc6c 
 */()
                0x81037000                end = ABSOLUTE (.)
                0x81037000                _end = ABSOLUTE (.)
                0x81037000                . = ALIGN (0x1000)
LOAD binaries/start.o
LOAD binaries/ascdate.o
LOAD binaries/bufinit.o
LOAD binaries/chprio.o
LOAD binaries/clkhandler.o
LOAD binaries/clkinit.o
LOAD binaries/close.o
LOAD binaries/conf.o
LOAD binaries/control.o
LOAD binaries/create.o
LOAD binaries/do_init.o
LOAD binaries/do_led_init.o
LOAD binaries/do_led_off.o
LOAD binaries/do_led_on.o
LOAD binaries/do_read.o
LOAD binaries/do_tmp_init.o
LOAD binaries/do_tmp_read.o
LOAD binaries/evec.o
LOAD binaries/exit.o
LOAD binaries/freebuf.o
LOAD binaries/freemem.o
LOAD binaries/getbuf.o
LOAD binaries/getc.o
LOAD binaries/getdev.o
LOAD binaries/getitem.o
LOAD binaries/getmem.o
LOAD binaries/getpid.o
LOAD binaries/getprio.o
LOAD binaries/getstk.o
LOAD binaries/getticks.o
LOAD binaries/gettime.o
LOAD binaries/getutime.o
LOAD binaries/init.o
LOAD binaries/initialize.o
LOAD binaries/insert.o
LOAD binaries/insertd.o
LOAD binaries/ioerr.o
LOAD binaries/ionull.o
LOAD binaries/kill.o
LOAD binaries/kprintf.o
LOAD binaries/main.o
LOAD binaries/mark.o
LOAD binaries/meminit.o
[...]
 .ARM.attributes
                0x00001f68       0x35 binaries/lfdbfree.o
 .ARM.attributes
                0x00001f9d       0x35 binaries/lfflush.o
 .ARM.attributes
                0x00001fd2       0x35 binaries/lfgetmode.o
 .ARM.attributes
                0x00002007       0x35 binaries/lfiballoc.o
 .ARM.attributes
                0x0000203c       0x35 binaries/lfibclear.o
 .ARM.attributes
                0x00002071       0x35 binaries/lfibget.o
 .ARM.attributes
                0x000020a6       0x35 binaries/lfibput.o
 .ARM.attributes
                0x000020db       0x35 binaries/lflclose.o
 .ARM.attributes
                0x00002110       0x35 binaries/lflcontrol.o
 .ARM.attributes
                0x00002145       0x35 binaries/lflgetc.o
 .ARM.attributes
                0x0000217a       0x35 binaries/lflinit.o
 .ARM.attributes
                0x000021af       0x35 binaries/lflputc.o
 .ARM.attributes
                0x000021e4       0x35 binaries/lflread.o
 .ARM.attributes
                0x00002219       0x35 binaries/lflseek.o
 .ARM.attributes
                0x0000224e       0x35 binaries/lflwrite.o
 .ARM.attributes
                0x00002283       0x35 binaries/lfscheck.o
 .ARM.attributes
                0x000022b8       0x35 binaries/lfsckfmt.o
 .ARM.attributes
                0x000022ed       0x35 binaries/lfscreate.o
 .ARM.attributes
                0x00002322       0x35 binaries/lfsetup.o
 .ARM.attributes
                0x00002357       0x35 binaries/lfsinit.o
 .ARM.attributes
                0x0000238c       0x35 binaries/lfsopen.o
 .ARM.attributes
                0x000023c1       0x35 binaries/lftruncate.o
 .ARM.attributes
                0x000023f6       0x35 binaries/rflclose.o
 .ARM.attributes
                0x0000242b       0x35 binaries/rflgetc.o
 .ARM.attributes
                0x00002460       0x35 binaries/rflinit.o
 .ARM.attributes
                0x00002495       0x35 binaries/rflputc.o
 .ARM.attributes
                0x000024ca       0x35 binaries/rflread.o
 .ARM.attributes
                0x000024ff       0x35 binaries/rflseek.o
 .ARM.attributes
                0x00002534       0x35 binaries/rflwrite.o
 .ARM.attributes
                0x00002569       0x35 binaries/rfscomm.o
 .ARM.attributes
                0x0000259e       0x35 binaries/rfscontrol.o
 .ARM.attributes
                0x000025d3       0x35 binaries/rfsgetmode.o
 .ARM.attributes
                0x00002608       0x35 binaries/rfsinit.o
 .ARM.attributes
                0x0000263d       0x35 binaries/rfsndmsg.o
 .ARM.attributes
                0x00002672       0x35 binaries/rfsopen.o
 .ARM.attributes
                0x000026a7       0x35 binaries/spicontrol.o
 .ARM.attributes
                0x000026dc       0x35 binaries/spiinit.o
 .ARM.attributes
                0x00002711       0x35 binaries/adcinit.o
 .ARM.attributes
                0x00002746       0x35 binaries/adcread.o
 .ARM.attributes
                0x0000277b       0x35 binaries/gpio.o
 .ARM.attributes
                0x000027b0       0x35 binaries/led.o
 .ARM.attributes
                0x000027e5       0x35 binaries/tmp36.o
 .ARM.attributes
                0x0000281a       0x35 binaries/adxl345.o
 .ARM.attributes
                0x0000284f       0x35 binaries/arp.o
 .ARM.attributes
                0x00002884       0x35 binaries/dhcp.o
 .ARM.attributes
                0x000028b9       0x35 binaries/dns.o
 .ARM.attributes
                0x000028ee       0x35 binaries/dot2ip.o
 .ARM.attributes
                0x00002923       0x35 binaries/hexdump.o
 .ARM.attributes
                0x00002958       0x35 binaries/icmp.o
 .ARM.attributes
                0x0000298d       0x35 binaries/ip.o
 .ARM.attributes
                0x000029c2       0x35 binaries/net.o
 .ARM.attributes
                0x000029f7       0x35 binaries/pdump.o
 .ARM.attributes
                0x00002a2c       0x35 binaries/tftp.o
 .ARM.attributes
                0x00002a61       0x35 binaries/udp.o
 .ARM.attributes
                0x00002a96       0x35 binaries/addargs.o
 .ARM.attributes
                0x00002acb       0x35 binaries/lexan.o
 .ARM.attributes
                0x00002b00       0x35 binaries/shell.o
 .ARM.attributes
                0x00002b35       0x35 binaries/xsh_argecho.o
 .ARM.attributes
                0x00002b6a       0x35 binaries/xsh_arp.o
 .ARM.attributes
                0x00002b9f       0x35 binaries/xsh_cat.o
 .ARM.attributes
                0x00002bd4       0x35 binaries/xsh_clear.o
 .ARM.attributes
                0x00002c09       0x35 binaries/xsh_date.o
 .ARM.attributes
                0x00002c3e       0x35 binaries/xsh_devdump.o
 .ARM.attributes
                0x00002c73       0x35 binaries/xsh_echo.o
 .ARM.attributes
                0x00002ca8       0x35 binaries/xsh_exit.o
 .ARM.attributes
                0x00002cdd       0x35 binaries/xsh_help.o
 .ARM.attributes
                0x00002d12       0x35 binaries/xsh_kill.o
 .ARM.attributes
                0x00002d47       0x35 binaries/xsh_memdump.o
 .ARM.attributes
                0x00002d7c       0x35 binaries/xsh_memstat.o
 .ARM.attributes
                0x00002db1       0x35 binaries/xsh_netinfo.o
 .ARM.attributes
                0x00002de6       0x35 binaries/xsh_ping.o
 .ARM.attributes
                0x00002e1b       0x35 binaries/xsh_ps.o
 .ARM.attributes
                0x00002e50       0x35 binaries/xsh_sleep.o
 .ARM.attributes
                0x00002e85       0x35 binaries/xsh_udpdump.o
 .ARM.attributes
                0x00002eba       0x35 binaries/xsh_udpecho.o
 .ARM.attributes
                0x00002eef       0x35 binaries/xsh_udpserver.o
 .ARM.attributes
                0x00002f24       0x35 binaries/xsh_uptime.o
 .ARM.attributes
                0x00002f59       0x25 binaries/ctxsw.o
 .ARM.attributes
                0x00002f7e       0x25 binaries/intr.o
 .ARM.attributes
                0x00002fa3       0x18 ../cross_compiler/lib/gcc/arm-none-eabi/4.8.1//libgcc.a(_udivsi3.o)
 .ARM.attributes
                0x00002fbb       0x18 ../cross_compiler/lib/gcc/arm-none-eabi/4.8.1//libgcc.a(_divsi3.o)
 .ARM.attributes
                0x00002fd3       0x18 ../cross_compiler/lib/gcc/arm-none-eabi/4.8.1//libgcc.a(_dvmd_tls.o)
 .ARM.attributes
                0x00002feb       0x18 ../cross_compiler/lib/gcc/arm-none-eabi/4.8.1//libgcc.a(_arm_muldivdf3.o)
 .ARM.attributes
                0x00003003       0x18 ../cross_compiler/lib/gcc/arm-none-eabi/4.8.1//libgcc.a(_arm_cmpdf2.o)
 .ARM.attributes
                0x0000301b       0x18 ../cross_compiler/lib/gcc/arm-none-eabi/4.8.1//libgcc.a(_arm_fixdfsi.o)

.comment        0x00000000       0x30
 .comment       0x00000000       0x30 binaries/ascdate.o
                                 0x31 (size before relaxing)
 .comment       0x00000000       0x31 binaries/bufinit.o
 .comment       0x00000000       0x31 binaries/chprio.o
 .comment       0x00000000       0x31 binaries/clkhandler.o
 .comment       0x00000000       0x31 binaries/clkinit.o
 .comment       0x00000000       0x31 binaries/close.o
 .comment       0x00000000       0x31 binaries/conf.o
 .comment       0x00000000       0x31 binaries/control.o
 .comment       0x00000000       0x31 binaries/create.o
 .comment       0x00000000       0x31 binaries/do_init.o
 .comment       0x00000000       0x31 binaries/do_led_init.o
 .comment       0x00000000       0x31 binaries/do_led_off.o
 .comment       0x00000000       0x31 binaries/do_led_on.o
 .comment       0x00000000       0x31 binaries/do_read.o
 .comment       0x00000000       0x31 binaries/do_tmp_init.o
 .comment       0x00000000       0x31 binaries/do_tmp_read.o
 .comment       0x00000000       0x31 binaries/evec.o
 .comment       0x00000000       0x31 binaries/exit.o
 .comment       0x00000000       0x31 binaries/freebuf.o
 .comment       0x00000000       0x31 binaries/freemem.o
 .comment       0x00000000       0x31 binaries/getbuf.o
 .comment       0x00000000       0x31 binaries/getc.o
 .comment       0x00000000       0x31 binaries/getdev.o
 .comment       0x00000000       0x31 binaries/getitem.o
 .comment       0x00000000       0x31 binaries/getmem.o
 .comment       0x00000000       0x31 binaries/getpid.o
 .comment       0x00000000       0x31 binaries/getprio.o
 .comment       0x00000000       0x31 binaries/getstk.o
 .comment       0x00000000       0x31 binaries/getticks.o
 .comment       0x00000000       0x31 binaries/gettime.o
 .comment       0x00000000       0x31 binaries/getutime.o
 .comment       0x00000000       0x31 binaries/init.o
 .comment       0x00000000       0x31 binaries/initialize.o
 .comment       0x00000000       0x31 binaries/insert.o
 .comment       0x00000000       0x31 binaries/insertd.o
 .comment       0x00000000       0x31 binaries/ioerr.o
 .comment       0x00000000       0x31 binaries/ionull.o
 .comment       0x00000000       0x31 binaries/kill.o
 .comment       0x00000000       0x31 binaries/kprintf.o
 .comment       0x00000000       0x31 binaries/main.o
 .comment       0x00000000       0x31 binaries/mark.o
 .comment       0x00000000       0x31 binaries/meminit.o
 .comment       0x00000000       0x31 binaries/mkbufpool.o
 .comment       0x00000000       0x31 binaries/newqueue.o
 .comment       0x00000000       0x31 binaries/open.o
 .comment       0x00000000       0x31 binaries/panic.o
 .comment       0x00000000       0x31 binaries/platinit.o
 .comment       0x00000000       0x31 binaries/ptclear.o
 .comment       0x00000000       0x31 binaries/ptcount.o
 .comment       0x00000000       0x31 binaries/ptcreate.o
 .comment       0x00000000       0x31 binaries/ptdelete.o
 .comment       0x00000000       0x31 binaries/ptinit.o
 .comment       0x00000000       0x31 binaries/ptrecv.o
 .comment       0x00000000       0x31 binaries/ptreset.o
 .comment       0x00000000       0x31 binaries/ptsend.o
 .comment       0x00000000       0x31 binaries/putc.o
 .comment       0x00000000       0x31 binaries/queue.o
 .comment       0x00000000       0x31 binaries/read.o
 .comment       0x00000000       0x31 binaries/ready.o
 .comment       0x00000000       0x31 binaries/receive.o
 .comment       0x00000000       0x31 binaries/recvclr.o
 .comment       0x00000000       0x31 binaries/recvtime.o
 .comment       0x00000000       0x31 binaries/resched.o
 .comment       0x00000000       0x31 binaries/resume.o
 .comment       0x00000000       0x31 binaries/seek.o
 .comment       0x00000000       0x31 binaries/semcount.o
 .comment       0x00000000       0x31 binaries/semcreate.o
 .comment       0x00000000       0x31 binaries/semdelete.o
 .comment       0x00000000       0x31 binaries/semreset.o
 .comment       0x00000000       0x31 binaries/send.o
 .comment       0x00000000       0x31 binaries/signal.o
 .comment       0x00000000       0x31 binaries/signaln.o
 .comment       0x00000000       0x31 binaries/sleep.o
 .comment       0x00000000       0x31 binaries/suspend.o
 .comment       0x00000000       0x31 binaries/unsleep.o
 .comment       0x00000000       0x31 binaries/userret.o
 .comment       0x00000000       0x31 binaries/wait.o
 .comment       0x00000000       0x31 binaries/wakeup.o
 .comment       0x00000000       0x31 binaries/write.o
 .comment       0x00000000       0x31 binaries/xdone.o
 .comment       0x00000000       0x31 binaries/yield.o
 .comment       0x00000000       0x31 binaries/abs.o
 .comment       0x00000000       0x31 binaries/atoi.o
 .comment       0x00000000       0x31 binaries/atol.o
 .comment       0x00000000       0x31 binaries/bzero.o
 .comment       0x00000000       0x31 binaries/ctype_.o
 .comment       0x00000000       0x31 binaries/doprnt.o
 .comment       0x00000000       0x31 binaries/doscan.o
 .comment       0x00000000       0x31 binaries/fdoprnt.o
 .comment       0x00000000       0x31 binaries/fgetc.o
 .comment       0x00000000       0x31 binaries/fgets.o
 .comment       0x00000000       0x31 binaries/fprintf.o
 .comment       0x00000000       0x31 binaries/fputc.o
 .comment       0x00000000       0x31 binaries/fputs.o
 .comment       0x00000000       0x31 binaries/fscanf.o
 .comment       0x00000000       0x31 binaries/getchar.o
 .comment       0x00000000       0x31 binaries/labs.o
 .comment       0x00000000       0x31 binaries/memchr.o
 .comment       0x00000000       0x31 binaries/memcmp.o
 .comment       0x00000000       0x31 binaries/memcpy.o
 .comment       0x00000000       0x31 binaries/memset.o
 .comment       0x00000000       0x31 binaries/printf.o
 .comment       0x00000000       0x31 binaries/putchar.o
 .comment       0x00000000       0x31 binaries/qsort.o
 .comment       0x00000000       0x31 binaries/rand.o
 .comment       0x00000000       0x31 binaries/sprintf.o
 .comment       0x00000000       0x31 binaries/sscanf.o
 .comment       0x00000000       0x31 binaries/strchr.o
 .comment       0x00000000       0x31 binaries/strcmp.o
 .comment       0x00000000       0x31 binaries/strcpy.o
 .comment       0x00000000       0x31 binaries/strlen.o
 .comment       0x00000000       0x31 binaries/strncat.o
 .comment       0x00000000       0x31 binaries/strncmp.o
 .comment       0x00000000       0x31 binaries/strncpy.o
 .comment       0x00000000       0x31 binaries/strnlen.o
 .comment       0x00000000       0x31 binaries/strrchr.o
 .comment       0x00000000       0x31 binaries/strstr.o
 .comment       0x00000000       0x31 binaries/ttycontrol.o
 .comment       0x00000000       0x31 binaries/ttygetc.o
 .comment       0x00000000       0x31 binaries/ttyhandle_in.o
 .comment       0x00000000       0x31 binaries/ttyhandle_out.o
 .comment       0x00000000       0x31 binaries/ttyhandler.o
 .comment       0x00000000       0x31 binaries/ttyinit.o
 .comment       0x00000000       0x31 binaries/ttykickout.o
 .comment       0x00000000       0x31 binaries/ttyputc.o
 .comment       0x00000000       0x31 binaries/ttyread.o
 .comment       0x00000000       0x31 binaries/ttywrite.o
 .comment       0x00000000       0x31 binaries/mount.o
 .comment       0x00000000       0x31 binaries/naminit.o
 .comment       0x00000000       0x31 binaries/nammap.o
 .comment       0x00000000       0x31 binaries/namopen.o
 .comment       0x00000000       0x31 binaries/ethcontrol.o
 .comment       0x00000000       0x31 binaries/ethhandler.o
 .comment       0x00000000       0x31 binaries/ethinit.o
 .comment       0x00000000       0x31 binaries/ethread.o
 .comment       0x00000000       0x31 binaries/ethwrite.o
 .comment       0x00000000       0x31 binaries/rdsbufalloc.o
 .comment       0x00000000       0x31 binaries/rdsclose.o
 .comment       0x00000000       0x31 binaries/rdscomm.o
 .comment       0x00000000       0x31 binaries/rdscontrol.o
 .comment       0x00000000       0x31 binaries/rdsinit.o
 .comment       0x00000000       0x31 binaries/rdsopen.o
 .comment       0x00000000       0x31 binaries/rdsprocess.o
 .comment       0x00000000       0x31 binaries/rdsread.o
 .comment       0x00000000       0x31 binaries/rdswrite.o
 .comment       0x00000000       0x31 binaries/ramclose.o
 .comment       0x00000000       0x31 binaries/raminit.o
 .comment       0x00000000       0x31 binaries/ramopen.o
 .comment       0x00000000       0x31 binaries/ramread.o
 .comment       0x00000000       0x31 binaries/ramwrite.o
 .comment       0x00000000       0x31 binaries/lfdballoc.o
 .comment       0x00000000       0x31 binaries/lfdbfree.o
 .comment       0x00000000       0x31 binaries/lfflush.o
 .comment       0x00000000       0x31 binaries/lfgetmode.o
 .comment       0x00000000       0x31 binaries/lfiballoc.o
 .comment       0x00000000       0x31 binaries/lfibclear.o
 .comment       0x00000000       0x31 binaries/lfibget.o
 .comment       0x00000000       0x31 binaries/lfibput.o
 .comment       0x00000000       0x31 binaries/lflclose.o
 .comment       0x00000000       0x31 binaries/lflcontrol.o
 .comment       0x00000000       0x31 binaries/lflgetc.o
 .comment       0x00000000       0x31 binaries/lflinit.o
 .comment       0x00000000       0x31 binaries/lflputc.o
 .comment       0x00000000       0x31 binaries/lflread.o
 .comment       0x00000000       0x31 binaries/lflseek.o
 .comment       0x00000000       0x31 binaries/lflwrite.o
 .comment       0x00000000       0x31 binaries/lfscheck.o
 .comment       0x00000000       0x31 binaries/lfsckfmt.o
 .comment       0x00000000       0x31 binaries/lfscreate.o
 .comment       0x00000000       0x31 binaries/lfsetup.o
 .comment       0x00000000       0x31 binaries/lfsinit.o
 .comment       0x00000000       0x31 binaries/lfsopen.o
 .comment       0x00000000       0x31 binaries/lftruncate.o
 .comment       0x00000000       0x31 binaries/rflclose.o
 .comment       0x00000000       0x31 binaries/rflgetc.o
 .comment       0x00000000       0x31 binaries/rflinit.o
 .comment       0x00000000       0x31 binaries/rflputc.o
 .comment       0x00000000       0x31 binaries/rflread.o
 .comment       0x00000000       0x31 binaries/rflseek.o
 .comment       0x00000000       0x31 binaries/rflwrite.o
 .comment       0x00000000       0x31 binaries/rfscomm.o
 .comment       0x00000000       0x31 binaries/rfscontrol.o
 .comment       0x00000000       0x31 binaries/rfsgetmode.o
 .comment       0x00000000       0x31 binaries/rfsinit.o
 .comment       0x00000000       0x31 binaries/rfsndmsg.o
 .comment       0x00000000       0x31 binaries/rfsopen.o
 .comment       0x00000000       0x31 binaries/spicontrol.o
 .comment       0x00000000       0x31 binaries/spiinit.o
 .comment       0x00000000       0x31 binaries/adcinit.o
 .comment       0x00000000       0x31 binaries/adcread.o
 .comment       0x00000000       0x31 binaries/gpio.o
 .comment       0x00000000       0x31 binaries/led.o
 .comment       0x00000000       0x31 binaries/tmp36.o
 .comment       0x00000000       0x31 binaries/adxl345.o
 .comment       0x00000000       0x31 binaries/arp.o
 .comment       0x00000000       0x31 binaries/dhcp.o
 .comment       0x00000000       0x31 binaries/dns.o
 .comment       0x00000000       0x31 binaries/dot2ip.o
 .comment       0x00000000       0x31 binaries/hexdump.o
 .comment       0x00000000       0x31 binaries/icmp.o
 .comment       0x00000000       0x31 binaries/ip.o
 .comment       0x00000000       0x31 binaries/net.o
 .comment       0x00000000       0x31 binaries/pdump.o
 .comment       0x00000000       0x31 binaries/tftp.o
 .comment       0x00000000       0x31 binaries/udp.o
 .comment       0x00000000       0x31 binaries/addargs.o
 .comment       0x00000000       0x31 binaries/lexan.o
 .comment       0x00000000       0x31 binaries/shell.o
 .comment       0x00000000       0x31 binaries/xsh_argecho.o
 .comment       0x00000000       0x31 binaries/xsh_arp.o
 .comment       0x00000000       0x31 binaries/xsh_cat.o
 .comment       0x00000000       0x31 binaries/xsh_clear.o
 .comment       0x00000000       0x31 binaries/xsh_date.o
 .comment       0x00000000       0x31 binaries/xsh_devdump.o
 .comment       0x00000000       0x31 binaries/xsh_echo.o
 .comment       0x00000000       0x31 binaries/xsh_exit.o
 .comment       0x00000000       0x31 binaries/xsh_help.o
 .comment       0x00000000       0x31 binaries/xsh_kill.o
 .comment       0x00000000       0x31 binaries/xsh_memdump.o
 .comment       0x00000000       0x31 binaries/xsh_memstat.o
 .comment       0x00000000       0x31 binaries/xsh_netinfo.o
 .comment       0x00000000       0x31 binaries/xsh_ping.o
 .comment       0x00000000       0x31 binaries/xsh_ps.o
 .comment       0x00000000       0x31 binaries/xsh_sleep.o
 .comment       0x00000000       0x31 binaries/xsh_udpdump.o
 .comment       0x00000000       0x31 binaries/xsh_udpecho.o
 .comment       0x00000000       0x31 binaries/xsh_udpserver.o
 .comment       0x00000000       0x31 binaries/xsh_uptime.o

.debug_frame    0x00000000       0x40
 .debug_frame   0x00000000       0x20 ../cross_compiler/lib/gcc/arm-none-eabi/4.8.1//libgcc.a(_udivsi3.o)
 .debug_frame   0x00000020       0x20 ../cross_compiler/lib/gcc/arm-none-eabi/4.8.1//libgcc.a(_divsi3.o)
